> Task :compileJava UP-TO-DATE
> Task :processResources UP-TO-DATE
> Task :classes UP-TO-DATE
> Task :resolveMainClassName

> Task :bootRun

  .   ____          _            __ _ _
 /\\ / ___'_ __ _ _(_)_ __  __ _ \ \ \ \
( ( )\___ | '_ | '_| | '_ \/ _` | \ \ \ \
 \\/  ___)| |_)| | | | | || (_| |  ) ) ) )
  '  |____| .__|_| |_|_| |_\__, | / / / /
 =========|_|==============|___/=/_/_/_/

 :: Spring Boot ::                (v3.5.3)

2026-07-13T19:58:27.773+09:00  INFO 3544 --- [lolfm-backend] [           main] com.lolfm.LolfmApplication               : Starting LolfmApplication using Java 21.0.9 with PID 3544 (C:\Users\guddn\dev\lolmanager\backend\build\classes\java\main started by guddn in C:\Users\guddn\dev\lolmanager\backend)
2026-07-13T19:58:27.775+09:00  INFO 3544 --- [lolfm-backend] [           main] com.lolfm.LolfmApplication               : No active profile set, falling back to 1 default profile: "default"
2026-07-13T19:58:28.774+09:00  INFO 3544 --- [lolfm-backend] [           main] o.s.b.w.embedded.tomcat.TomcatWebServer  : Tomcat initialized with port 8080 (http)
2026-07-13T19:58:28.793+09:00  INFO 3544 --- [lolfm-backend] [           main] o.apache.catalina.core.StandardService   : Starting service [Tomcat]
2026-07-13T19:58:28.793+09:00  INFO 3544 --- [lolfm-backend] [           main] o.apache.catalina.core.StandardEngine    : Starting Servlet engine: [Apache Tomcat/10.1.42]
2026-07-13T19:58:28.861+09:00  INFO 3544 --- [lolfm-backend] [           main] o.a.c.c.C.[Tomcat].[localhost].[/]       : Initializing Spring embedded WebApplicationContext
2026-07-13T19:58:28.862+09:00  INFO 3544 --- [lolfm-backend] [           main] w.s.c.ServletWebServerApplicationContext : Root WebApplicationContext: initialization completed in 1036 ms
2026-07-13T19:58:29.291+09:00  INFO 3544 --- [lolfm-backend] [           main] o.s.b.w.embedded.tomcat.TomcatWebServer  : Tomcat started on port 8080 (http) with context path '/'
2026-07-13T19:58:29.299+09:00  INFO 3544 --- [lolfm-backend] [           main] com.lolfm.LolfmApplication               : Started LolfmApplication in 2.057 seconds (process running for 2.436)
